Archive member included to satisfy reference by file (symbol)

c:/program files (x86)/atmel/studio/7.0/toolchain/avr8/avr8-gnu-toolchain/bin/../lib/gcc/avr/5.4.0/../../../../avr/lib/avrxmega6\libm.a(addsf3.o)
                              ADS1299.o (__addsf3)
c:/program files (x86)/atmel/studio/7.0/toolchain/avr8/avr8-gnu-toolchain/bin/../lib/gcc/avr/5.4.0/../../../../avr/lib/avrxmega6\libm.a(addsf3x.o)
                              c:/program files (x86)/atmel/studio/7.0/toolchain/avr8/avr8-gnu-toolchain/bin/../lib/gcc/avr/5.4.0/../../../../avr/lib/avrxmega6\libm.a(addsf3.o) (__addsf3x)
c:/program files (x86)/atmel/studio/7.0/toolchain/avr8/avr8-gnu-toolchain/bin/../lib/gcc/avr/5.4.0/../../../../avr/lib/avrxmega6\libm.a(cmpsf2.o)
                              main.o (__lesf2)
c:/program files (x86)/atmel/studio/7.0/toolchain/avr8/avr8-gnu-toolchain/bin/../lib/gcc/avr/5.4.0/../../../../avr/lib/avrxmega6\libm.a(fp_cmp.o)
                              c:/program files (x86)/atmel/studio/7.0/toolchain/avr8/avr8-gnu-toolchain/bin/../lib/gcc/avr/5.4.0/../../../../avr/lib/avrxmega6\libm.a(cmpsf2.o) (__fp_cmp)
c:/program files (x86)/atmel/studio/7.0/toolchain/avr8/avr8-gnu-toolchain/bin/../lib/gcc/avr/5.4.0/../../../../avr/lib/avrxmega6\libm.a(fp_inf.o)
                              c:/program files (x86)/atmel/studio/7.0/toolchain/avr8/avr8-gnu-toolchain/bin/../lib/gcc/avr/5.4.0/../../../../avr/lib/avrxmega6\libm.a(addsf3x.o) (__fp_inf)
c:/program files (x86)/atmel/studio/7.0/toolchain/avr8/avr8-gnu-toolchain/bin/../lib/gcc/avr/5.4.0/../../../../avr/lib/avrxmega6\libm.a(fp_nan.o)
                              c:/program files (x86)/atmel/studio/7.0/toolchain/avr8/avr8-gnu-toolchain/bin/../lib/gcc/avr/5.4.0/../../../../avr/lib/avrxmega6\libm.a(addsf3x.o) (__fp_nan)
c:/program files (x86)/atmel/studio/7.0/toolchain/avr8/avr8-gnu-toolchain/bin/../lib/gcc/avr/5.4.0/../../../../avr/lib/avrxmega6\libm.a(fp_pscA.o)
                              c:/program files (x86)/atmel/studio/7.0/toolchain/avr8/avr8-gnu-toolchain/bin/../lib/gcc/avr/5.4.0/../../../../avr/lib/avrxmega6\libm.a(addsf3x.o) (__fp_pscA)
c:/program files (x86)/atmel/studio/7.0/toolchain/avr8/avr8-gnu-toolchain/bin/../lib/gcc/avr/5.4.0/../../../../avr/lib/avrxmega6\libm.a(fp_pscB.o)
                              c:/program files (x86)/atmel/studio/7.0/toolchain/avr8/avr8-gnu-toolchain/bin/../lib/gcc/avr/5.4.0/../../../../avr/lib/avrxmega6\libm.a(addsf3x.o) (__fp_pscB)
c:/program files (x86)/atmel/studio/7.0/toolchain/avr8/avr8-gnu-toolchain/bin/../lib/gcc/avr/5.4.0/../../../../avr/lib/avrxmega6\libm.a(fp_round.o)
                              c:/program files (x86)/atmel/studio/7.0/toolchain/avr8/avr8-gnu-toolchain/bin/../lib/gcc/avr/5.4.0/../../../../avr/lib/avrxmega6\libm.a(addsf3.o) (__fp_round)
c:/program files (x86)/atmel/studio/7.0/toolchain/avr8/avr8-gnu-toolchain/bin/../lib/gcc/avr/5.4.0/../../../../avr/lib/avrxmega6\libm.a(fp_split3.o)
                              c:/program files (x86)/atmel/studio/7.0/toolchain/avr8/avr8-gnu-toolchain/bin/../lib/gcc/avr/5.4.0/../../../../avr/lib/avrxmega6\libm.a(addsf3x.o) (__fp_split3)
c:/program files (x86)/atmel/studio/7.0/toolchain/avr8/avr8-gnu-toolchain/bin/../lib/gcc/avr/5.4.0/../../../../avr/lib/avrxmega6\libm.a(fp_zero.o)
                              c:/program files (x86)/atmel/studio/7.0/toolchain/avr8/avr8-gnu-toolchain/bin/../lib/gcc/avr/5.4.0/../../../../avr/lib/avrxmega6\libm.a(addsf3x.o) (__fp_zero)
c:/program files (x86)/atmel/studio/7.0/toolchain/avr8/avr8-gnu-toolchain/bin/../lib/gcc/avr/5.4.0/avrxmega6\libgcc.a(_udivmodsi4.o)
                              ff.o (__udivmodsi4)
c:/program files (x86)/atmel/studio/7.0/toolchain/avr8/avr8-gnu-toolchain/bin/../lib/gcc/avr/5.4.0/avrxmega6\libgcc.a(_exit.o)
                              C:/Program Files (x86)/Atmel/Studio/7.0/Packs/atmel/XMEGAA_DFP/1.1.68/gcc/dev/atxmega256a3u/avrxmega6/crtatxmega256a3u.o (exit)
c:/program files (x86)/atmel/studio/7.0/toolchain/avr8/avr8-gnu-toolchain/bin/../lib/gcc/avr/5.4.0/avrxmega6\libgcc.a(_tablejump2.o)
                              ff.o (__tablejump2__)
c:/program files (x86)/atmel/studio/7.0/toolchain/avr8/avr8-gnu-toolchain/bin/../lib/gcc/avr/5.4.0/avrxmega6\libgcc.a(_copy_data.o)
                              Application.o (__do_copy_data)
c:/program files (x86)/atmel/studio/7.0/toolchain/avr8/avr8-gnu-toolchain/bin/../lib/gcc/avr/5.4.0/avrxmega6\libgcc.a(_clear_bss.o)
                              ADS1299.o (__do_clear_bss)
c:/program files (x86)/atmel/studio/7.0/toolchain/avr8/avr8-gnu-toolchain/bin/../lib/gcc/avr/5.4.0/avrxmega6\libgcc.a(_umulhisi3.o)
                              sdmm.o (__umulhisi3)
c:/program files (x86)/atmel/studio/7.0/toolchain/avr8/avr8-gnu-toolchain/bin/../lib/gcc/avr/5.4.0/avrxmega6\libgcc.a(_muluhisi3.o)
                              ff.o (__muluhisi3)
c:/program files (x86)/atmel/studio/7.0/toolchain/avr8/avr8-gnu-toolchain/bin/../lib/gcc/avr/5.4.0/../../../../avr/lib/avrxmega6\libc.a(strchr.o)
                              Application.o (strchr)
c:/program files (x86)/atmel/studio/7.0/toolchain/avr8/avr8-gnu-toolchain/bin/../lib/gcc/avr/5.4.0/../../../../avr/lib/avrxmega6\libc.a(strstr.o)
                              Application.o (strstr)
c:/program files (x86)/atmel/studio/7.0/toolchain/avr8/avr8-gnu-toolchain/bin/../lib/gcc/avr/5.4.0/../../../../avr/lib/avrxmega6\libc.a(ltoa_ncheck.o)
                              Application.o (__ltoa_ncheck)
c:/program files (x86)/atmel/studio/7.0/toolchain/avr8/avr8-gnu-toolchain/bin/../lib/gcc/avr/5.4.0/../../../../avr/lib/avrxmega6\libc.a(ultoa_ncheck.o)
                              c:/program files (x86)/atmel/studio/7.0/toolchain/avr8/avr8-gnu-toolchain/bin/../lib/gcc/avr/5.4.0/../../../../avr/lib/avrxmega6\libc.a(ltoa_ncheck.o) (__ultoa_common)
c:/program files (x86)/atmel/studio/7.0/toolchain/avr8/avr8-gnu-toolchain/bin/../lib/gcc/avr/5.4.0/../../../../avr/lib/avrxmega6\libc.a(strrev.o)
                              c:/program files (x86)/atmel/studio/7.0/toolchain/avr8/avr8-gnu-toolchain/bin/../lib/gcc/avr/5.4.0/../../../../avr/lib/avrxmega6\libc.a(ultoa_ncheck.o) (strrev)

Allocating common symbols
Common symbol       size              file

BL_DataBUFF         0x700             ADS1299.o
new_bl_cmd_flg      0x1               ADS1299.o
SD_DataBUFF         0x1900            ADS1299.o
imp_enable          0x1               ADS1299.o
drdy_count          0x4               ADS1299.o
FatFs               0x22f             ADS1299.o
tx_ptr              0x2               Application.o
ADSnewData          0x1               ADS1299.o
sd_error            0x1               main.o
data_return         0x1               ADS1299.o
sd_samples          0x4               ADS1299.o
rx_new_byte         0x1               Application.o
drdy_samples        0x4               ADS1299.o
sample_count        0x1               ADS1299.o
leadoff_disable     0x1               ADS1299.o
int_flag            0x2               ADS1299.o
deviceID            0x1               ADS1299.o
complete_flg        0x1               Application.o
val                 0x4               ADS1299.o
buffer              0xa               ADS1299.o
new_bl_cmd_index    0x1               ADS1299.o
opcode2             0x1               ADS1299.o
rx_byte             0x1               ADS1299.o
SD_databuff_tail    0x2               ADS1299.o
SD_databuff_head    0x2               ADS1299.o
samples_got         0x4               ADS1299.o
app_state           0x2               ADS1299.o
reg_vals            0x18              main.o
buffer_full         0x1               ADS1299.o
bl_samples          0x4               ADS1299.o
new_cmd_flg         0x1               ADS1299.o
trigger             0x1               ADS1299.o
leadoff_enable      0x1               ADS1299.o
Fil                 0x222             ADS1299.o
bl_buff_miss        0x4               ADS1299.o
new_bl_cmd          0x14              ADS1299.o
rx_received_byte    0x1               main.o
new_cmd_index       0x1               ADS1299.o
BL_databuff_tail    0x2               ADS1299.o
new_cmd             0x14              ADS1299.o
imp_disable         0x1               ADS1299.o
sd_buff_miss        0x4               ADS1299.o
sample              0x1c              ADS1299.o
singleSample        0x24              ADS1299.o
BL_databuff_head    0x2               ADS1299.o

Discarded input sections

 .data          0x00000000        0x0 C:/Program Files (x86)/Atmel/Studio/7.0/Packs/atmel/XMEGAA_DFP/1.1.68/gcc/dev/atxmega256a3u/avrxmega6/crtatxmega256a3u.o
 .bss           0x00000000        0x0 C:/Program Files (x86)/Atmel/Studio/7.0/Packs/atmel/XMEGAA_DFP/1.1.68/gcc/dev/atxmega256a3u/avrxmega6/crtatxmega256a3u.o
 .text          0x00000000        0x0 ADS1299.o
 .data          0x00000000        0x0 ADS1299.o
 .bss           0x00000000        0x0 ADS1299.o
 .text.adsSDATAC
                0x00000000       0x36 ADS1299.o
 .text.adsRDATA
                0x00000000       0x2e ADS1299.o
 .text.adsRREG_single
                0x00000000       0x78 ADS1299.o
 .text.adsRREG  0x00000000       0x74 ADS1299.o
 .text          0x00000000        0x0 Application.o
 .data          0x00000000        0x0 Application.o
 .bss           0x00000000        0x0 Application.o
 .text.uart_send_serial_sample
                0x00000000       0x74 Application.o
 .text.SPI_send_SD_sample
                0x00000000       0xac Application.o
 .text.process_command
                0x00000000       0x64 Application.o
 .text          0x00000000        0x0 ff.o
 .data          0x00000000        0x0 ff.o
 .bss           0x00000000        0x0 ff.o
 .text.dir_read
                0x00000000       0x92 ff.o
 .text.get_fileinfo
                0x00000000       0xc8 ff.o
 .text.f_read   0x00000000      0x2fc ff.o
 .text.f_lseek  0x00000000      0x3c8 ff.o
 .text.f_opendir
                0x00000000       0xc0 ff.o
 .text.f_closedir
                0x00000000       0x34 ff.o
 .text.f_readdir
                0x00000000       0x7c ff.o
 .text.f_stat   0x00000000       0x70 ff.o
 .text.f_getfree
                0x00000000      0x204 ff.o
 .text.f_truncate
                0x00000000      0x19a ff.o
 .text.f_unlink
                0x00000000      0x138 ff.o
 .text.f_mkdir  0x00000000      0x1c4 ff.o
 .text.f_rename
                0x00000000      0x21c ff.o
 .text.f_chmod  0x00000000       0x7e ff.o
 .text.f_utime  0x00000000       0x98 ff.o
 .text.f_gets   0x00000000       0xc8 ff.o
 .text.f_putc   0x00000000       0x54 ff.o
 .text.f_puts   0x00000000       0x6c ff.o
 .text          0x00000000        0x0 main.o
 .data          0x00000000        0x0 main.o
 .bss           0x00000000        0x0 main.o
 .bss.drdy_high
                0x00000000        0x1 main.o
 .text          0x00000000        0x0 sdmm.o
 .data          0x00000000        0x0 sdmm.o
 .bss           0x00000000        0x0 sdmm.o
 .text          0x00000000        0x0 systemClock.o
 .data          0x00000000        0x0 systemClock.o
 .bss           0x00000000        0x0 systemClock.o
 .text          0x00000000        0x0 uart.o
 .data          0x00000000        0x0 uart.o
 .bss           0x00000000        0x0 uart.o
 .text.uart_send_serial
                0x00000000       0x22 uart.o
 .text.uart_send_serial_srt_max
                0x00000000       0x58 uart.o
 .text          0x00000000        0x0 c:/program files (x86)/atmel/studio/7.0/toolchain/avr8/avr8-gnu-toolchain/bin/../lib/gcc/avr/5.4.0/../../../../avr/lib/avrxmega6\libm.a(addsf3.o)
 .data          0x00000000        0x0 c:/program files (x86)/atmel/studio/7.0/toolchain/avr8/avr8-gnu-toolchain/bin/../lib/gcc/avr/5.4.0/../../../../avr/lib/avrxmega6\libm.a(addsf3.o)
 .bss           0x00000000        0x0 c:/program files (x86)/atmel/studio/7.0/toolchain/avr8/avr8-gnu-toolchain/bin/../lib/gcc/avr/5.4.0/../../../../avr/lib/avrxmega6\libm.a(addsf3.o)
 .text          0x00000000        0x0 c:/program files (x86)/atmel/studio/7.0/toolchain/avr8/avr8-gnu-toolchain/bin/../lib/gcc/avr/5.4.0/../../../../avr/lib/avrxmega6\libm.a(addsf3x.o)
 .data          0x00000000        0x0 c:/program files (x86)/atmel/studio/7.0/toolchain/avr8/avr8-gnu-toolchain/bin/../lib/gcc/avr/5.4.0/../../../../avr/lib/avrxmega6\libm.a(addsf3x.o)
 .bss           0x00000000        0x0 c:/program files (x86)/atmel/studio/7.0/toolchain/avr8/avr8-gnu-toolchain/bin/../lib/gcc/avr/5.4.0/../../../../avr/lib/avrxmega6\libm.a(addsf3x.o)
 .text          0x00000000        0x0 c:/program files (x86)/atmel/studio/7.0/toolchain/avr8/avr8-gnu-toolchain/bin/../lib/gcc/avr/5.4.0/../../../../avr/lib/avrxmega6\libm.a(cmpsf2.o)
 .data          0x00000000        0x0 c:/program files (x86)/atmel/studio/7.0/toolchain/avr8/avr8-gnu-toolchain/bin/../lib/gcc/avr/5.4.0/../../../../avr/lib/avrxmega6\libm.a(cmpsf2.o)
 .bss           0x00000000        0x0 c:/program files (x86)/atmel/studio/7.0/toolchain/avr8/avr8-gnu-toolchain/bin/../lib/gcc/avr/5.4.0/../../../../avr/lib/avrxmega6\libm.a(cmpsf2.o)
 .text          0x00000000        0x0 c:/program files (x86)/atmel/studio/7.0/toolchain/avr8/avr8-gnu-toolchain/bin/../lib/gcc/avr/5.4.0/../../../../avr/lib/avrxmega6\libm.a(fp_cmp.o)
 .data          0x00000000        0x0 c:/program files (x86)/atmel/studio/7.0/toolchain/avr8/avr8-gnu-toolchain/bin/../lib/gcc/avr/5.4.0/../../../../avr/lib/avrxmega6\libm.a(fp_cmp.o)
 .bss           0x00000000        0x0 c:/program files (x86)/atmel/studio/7.0/toolchain/avr8/avr8-gnu-toolchain/bin/../lib/gcc/avr/5.4.0/../../../../avr/lib/avrxmega6\libm.a(fp_cmp.o)
 .text          0x00000000        0x0 c:/program files (x86)/atmel/studio/7.0/toolchain/avr8/avr8-gnu-toolchain/bin/../lib/gcc/avr/5.4.0/../../../../avr/lib/avrxmega6\libm.a(fp_inf.o)
 .data          0x00000000        0x0 c:/program files (x86)/atmel/studio/7.0/toolchain/avr8/avr8-gnu-toolchain/bin/../lib/gcc/avr/5.4.0/../../../../avr/lib/avrxmega6\libm.a(fp_inf.o)
 .bss           0x00000000        0x0 c:/program files (x86)/atmel/studio/7.0/toolchain/avr8/avr8-gnu-toolchain/bin/../lib/gcc/avr/5.4.0/../../../../avr/lib/avrxmega6\libm.a(fp_inf.o)
 .text          0x00000000        0x0 c:/program files (x86)/atmel/studio/7.0/toolchain/avr8/avr8-gnu-toolchain/bin/../lib/gcc/avr/5.4.0/../../../../avr/lib/avrxmega6\libm.a(fp_nan.o)
 .data          0x00000000        0x0 c:/program files (x86)/atmel/studio/7.0/toolchain/avr8/avr8-gnu-toolchain/bin/../lib/gcc/avr/5.4.0/../../../../avr/lib/avrxmega6\libm.a(fp_nan.o)
 .bss           0x00000000        0x0 c:/program files (x86)/atmel/studio/7.0/toolchain/avr8/avr8-gnu-toolchain/bin/../lib/gcc/avr/5.4.0/../../../../avr/lib/avrxmega6\libm.a(fp_nan.o)
 .text          0x00000000        0x0 c:/program files (x86)/atmel/studio/7.0/toolchain/avr8/avr8-gnu-toolchain/bin/../lib/gcc/avr/5.4.0/../../../../avr/lib/avrxmega6\libm.a(fp_pscA.o)
 .data          0x00000000        0x0 c:/program files (x86)/atmel/studio/7.0/toolchain/avr8/avr8-gnu-toolchain/bin/../lib/gcc/avr/5.4.0/../../../../avr/lib/avrxmega6\libm.a(fp_pscA.o)
 .bss           0x00000000        0x0 c:/program files (x86)/atmel/studio/7.0/toolchain/avr8/avr8-gnu-toolchain/bin/../lib/gcc/avr/5.4.0/../../../../avr/lib/avrxmega6\libm.a(fp_pscA.o)
 .text          0x00000000        0x0 c:/program files (x86)/atmel/studio/7.0/toolchain/avr8/avr8-gnu-toolchain/bin/../lib/gcc/avr/5.4.0/../../../../avr/lib/avrxmega6\libm.a(fp_pscB.o)
 .data          0x00000000        0x0 c:/program files (x86)/atmel/studio/7.0/toolchain/avr8/avr8-gnu-toolchain/bin/../lib/gcc/avr/5.4.0/../../../../avr/lib/avrxmega6\libm.a(fp_pscB.o)
 .bss           0x00000000        0x0 c:/program files (x86)/atmel/studio/7.0/toolchain/avr8/avr8-gnu-toolchain/bin/../lib/gcc/avr/5.4.0/../../../../avr/lib/avrxmega6\libm.a(fp_pscB.o)
 .text          0x00000000        0x0 c:/program files (x86)/atmel/studio/7.0/toolchain/avr8/avr8-gnu-toolchain/bin/../lib/gcc/avr/5.4.0/../../../../avr/lib/avrxmega6\libm.a(fp_round.o)
 .data          0x00000000        0x0 c:/program files (x86)/atmel/studio/7.0/toolchain/avr8/avr8-gnu-toolchain/bin/../lib/gcc/avr/5.4.0/../../../../avr/lib/avrxmega6\libm.a(fp_round.o)
 .bss           0x00000000        0x0 c:/program files (x86)/atmel/studio/7.0/toolchain/avr8/avr8-gnu-toolchain/bin/../lib/gcc/avr/5.4.0/../../../../avr/lib/avrxmega6\libm.a(fp_round.o)
 .text          0x00000000        0x0 c:/program files (x86)/atmel/studio/7.0/toolchain/avr8/avr8-gnu-toolchain/bin/../lib/gcc/avr/5.4.0/../../../../avr/lib/avrxmega6\libm.a(fp_split3.o)
 .data          0x00000000        0x0 c:/program files (x86)/atmel/studio/7.0/toolchain/avr8/avr8-gnu-toolchain/bin/../lib/gcc/avr/5.4.0/../../../../avr/lib/avrxmega6\libm.a(fp_split3.o)
 .bss           0x00000000        0x0 c:/program files (x86)/atmel/studio/7.0/toolchain/avr8/avr8-gnu-toolchain/bin/../lib/gcc/avr/5.4.0/../../../../avr/lib/avrxmega6\libm.a(fp_split3.o)
 .text          0x00000000        0x0 c:/program files (x86)/atmel/studio/7.0/toolchain/avr8/avr8-gnu-toolchain/bin/../lib/gcc/avr/5.4.0/../../../../avr/lib/avrxmega6\libm.a(fp_zero.o)
 .data          0x00000000        0x0 c:/program files (x86)/atmel/studio/7.0/toolchain/avr8/avr8-gnu-toolchain/bin/../lib/gcc/avr/5.4.0/../../../../avr/lib/avrxmega6\libm.a(fp_zero.o)
 .bss           0x00000000        0x0 c:/program files (x86)/atmel/studio/7.0/toolchain/avr8/avr8-gnu-toolchain/bin/../lib/gcc/avr/5.4.0/../../../../avr/lib/avrxmega6\libm.a(fp_zero.o)
 .text          0x00000000        0x0 c:/program files (x86)/atmel/studio/7.0/toolchain/avr8/avr8-gnu-toolchain/bin/../lib/gcc/avr/5.4.0/avrxmega6\libgcc.a(_udivmodsi4.o)
 .data          0x00000000        0x0 c:/program files (x86)/atmel/studio/7.0/toolchain/avr8/avr8-gnu-toolchain/bin/../lib/gcc/avr/5.4.0/avrxmega6\libgcc.a(_udivmodsi4.o)
 .bss           0x00000000        0x0 c:/program files (x86)/atmel/studio/7.0/toolchain/avr8/avr8-gnu-toolchain/bin/../lib/gcc/avr/5.4.0/avrxmega6\libgcc.a(_udivmodsi4.o)
 .text.libgcc.mul
                0x00000000        0x0 c:/program files (x86)/atmel/studio/7.0/toolchain/avr8/avr8-gnu-toolchain/bin/../lib/gcc/avr/5.4.0/avrxmega6\libgcc.a(_udivmodsi4.o)
 .text.libgcc   0x00000000        0x0 c:/program files (x86)/atmel/studio/7.0/toolchain/avr8/avr8-gnu-toolchain/bin/../lib/gcc/avr/5.4.0/avrxmega6\libgcc.a(_udivmodsi4.o)
 .text.libgcc.prologue
                0x00000000        0x0 c:/program files (x86)/atmel/studio/7.0/toolchain/avr8/avr8-gnu-toolchain/bin/../lib/gcc/avr/5.4.0/avrxmega6\libgcc.a(_udivmodsi4.o)
 .text.libgcc.builtins
                0x00000000        0x0 c:/program files (x86)/atmel/studio/7.0/toolchain/avr8/avr8-gnu-toolchain/bin/../lib/gcc/avr/5.4.0/avrxmega6\libgcc.a(_udivmodsi4.o)
 .text.libgcc.fmul
                0x00000000        0x0 c:/program files (x86)/atmel/studio/7.0/toolchain/avr8/avr8-gnu-toolchain/bin/../lib/gcc/avr/5.4.0/avrxmega6\libgcc.a(_udivmodsi4.o)
 .text.libgcc.fixed
                0x00000000        0x0 c:/program files (x86)/atmel/studio/7.0/toolchain/avr8/avr8-gnu-toolchain/bin/../lib/gcc/avr/5.4.0/avrxmega6\libgcc.a(_udivmodsi4.o)
 .text          0x00000000        0x0 c:/program files (x86)/atmel/studio/7.0/toolchain/avr8/avr8-gnu-toolchain/bin/../lib/gcc/avr/5.4.0/avrxmega6\libgcc.a(_exit.o)
 .data          0x00000000        0x0 c:/program files (x86)/atmel/studio/7.0/toolchain/avr8/avr8-gnu-toolchain/bin/../lib/gcc/avr/5.4.0/avrxmega6\libgcc.a(_exit.o)
 .bss           0x00000000        0x0 c:/program files (x86)/atmel/studio/7.0/toolchain/avr8/avr8-gnu-toolchain/bin/../lib/gcc/avr/5.4.0/avrxmega6\libgcc.a(_exit.o)
 .text.libgcc.mul
                0x00000000        0x0 c:/program files (x86)/atmel/studio/7.0/toolchain/avr8/avr8-gnu-toolchain/bin/../lib/gcc/avr/5.4.0/avrxmega6\libgcc.a(_exit.o)
 .text.libgcc.div
                0x00000000        0x0 c:/program files (x86)/atmel/studio/7.0/toolchain/avr8/avr8-gnu-toolchain/bin/../lib/gcc/avr/5.4.0/avrxmega6\libgcc.a(_exit.o)
 .text.libgcc   0x00000000        0x0 c:/program files (x86)/atmel/studio/7.0/toolchain/avr8/avr8-gnu-toolchain/bin/../lib/gcc/avr/5.4.0/avrxmega6\libgcc.a(_exit.o)
 .text.libgcc.prologue
                0x00000000        0x0 c:/program files (x86)/atmel/studio/7.0/toolchain/avr8/avr8-gnu-toolchain/bin/../lib/gcc/avr/5.4.0/avrxmega6\libgcc.a(_exit.o)
 .text.libgcc.builtins
                0x00000000        0x0 c:/program files (x86)/atmel/studio/7.0/toolchain/avr8/avr8-gnu-toolchain/bin/../lib/gcc/avr/5.4.0/avrxmega6\libgcc.a(_exit.o)
 .text.libgcc.fmul
                0x00000000        0x0 c:/program files (x86)/atmel/studio/7.0/toolchain/avr8/avr8-gnu-toolchain/bin/../lib/gcc/avr/5.4.0/avrxmega6\libgcc.a(_exit.o)
 .text.libgcc.fixed
                0x00000000        0x0 c:/program files (x86)/atmel/studio/7.0/toolchain/avr8/avr8-gnu-toolchain/bin/../lib/gcc/avr/5.4.0/avrxmega6\libgcc.a(_exit.o)
 .text          0x00000000        0x0 c:/program files (x86)/atmel/studio/7.0/toolchain/avr8/avr8-gnu-toolchain/bin/../lib/gcc/avr/5.4.0/avrxmega6\libgcc.a(_tablejump2.o)
 .data          0x00000000        0x0 c:/program files (x86)/atmel/studio/7.0/toolchain/avr8/avr8-gnu-toolchain/bin/../lib/gcc/avr/5.4.0/avrxmega6\libgcc.a(_tablejump2.o)
 .bss           0x00000000        0x0 c:/program files (x86)/atmel/studio/7.0/toolchain/avr8/avr8-gnu-toolchain/bin/../lib/gcc/avr/5.4.0/avrxmega6\libgcc.a(_tablejump2.o)
 .text.libgcc.mul
                0x00000000        0x0 c:/program files (x86)/atmel/studio/7.0/toolchain/avr8/avr8-gnu-toolchain/bin/../lib/gcc/avr/5.4.0/avrxmega6\libgcc.a(_tablejump2.o)
 .text.libgcc.div
                0x00000000        0x0 c:/program files (x86)/atmel/studio/7.0/toolchain/avr8/avr8-gnu-toolchain/bin/../lib/gcc/avr/5.4.0/avrxmega6\libgcc.a(_tablejump2.o)
 .text.libgcc.prologue
                0x00000000        0x0 c:/program files (x86)/atmel/studio/7.0/toolchain/avr8/avr8-gnu-toolchain/bin/../lib/gcc/avr/5.4.0/avrxmega6\libgcc.a(_tablejump2.o)
 .text.libgcc.builtins
                0x00000000        0x0 c:/program files (x86)/atmel/studio/7.0/toolchain/avr8/avr8-gnu-toolchain/bin/../lib/gcc/avr/5.4.0/avrxmega6\libgcc.a(_tablejump2.o)
 .text.libgcc.fmul
                0x00000000        0x0 c:/program files (x86)/atmel/studio/7.0/toolchain/avr8/avr8-gnu-toolchain/bin/../lib/gcc/avr/5.4.0/avrxmega6\libgcc.a(_tablejump2.o)
 .text.libgcc.fixed
                0x00000000        0x0 c:/program files (x86)/atmel/studio/7.0/toolchain/avr8/avr8-gnu-toolchain/bin/../lib/gcc/avr/5.4.0/avrxmega6\libgcc.a(_tablejump2.o)
 .text          0x00000000        0x0 c:/program files (x86)/atmel/studio/7.0/toolchain/avr8/avr8-gnu-toolchain/bin/../lib/gcc/avr/5.4.0/avrxmega6\libgcc.a(_copy_data.o)
 .data          0x00000000        0x0 c:/program files (x86)/atmel/studio/7.0/toolchain/avr8/avr8-gnu-toolchain/bin/../lib/gcc/avr/5.4.0/avrxmega6\libgcc.a(_copy_data.o)
 .bss           0x00000000        0x0 c:/program files (x86)/atmel/studio/7.0/toolchain/avr8/avr8-gnu-toolchain/bin/../lib/gcc/avr/5.4.0/avrxmega6\libgcc.a(_copy_data.o)
 .text.libgcc.mul
                0x00000000        0x0 c:/program files (x86)/atmel/studio/7.0/toolchain/avr8/avr8-gnu-toolchain/bin/../lib/gcc/avr/5.4.0/avrxmega6\libgcc.a(_copy_data.o)
 .text.libgcc.div
                0x00000000        0x0 c:/program files (x86)/atmel/studio/7.0/toolchain/avr8/avr8-gnu-toolchain/bin/../lib/gcc/avr/5.4.0/avrxmega6\libgcc.a(_copy_data.o)
 .text.libgcc   0x00000000        0x0 c:/program files (x86)/atmel/studio/7.0/toolchain/avr8/avr8-gnu-toolchain/bin/../lib/gcc/avr/5.4.0/avrxmega6\libgcc.a(_copy_data.o)
 .text.libgcc.prologue
                0x00000000        0x0 c:/program files (x86)/atmel/studio/7.0/toolchain/avr8/avr8-gnu-toolchain/bin/../lib/gcc/avr/5.4.0/avrxmega6\libgcc.a(_copy_data.o)
 .text.libgcc.builtins
                0x00000000        0x0 c:/program files (x86)/atmel/studio/7.0/toolchain/avr8/avr8-gnu-toolchain/bin/../lib/gcc/avr/5.4.0/avrxmega6\libgcc.a(_copy_data.o)
 .text.libgcc.fmul
                0x00000000        0x0 c:/program files (x86)/atmel/studio/7.0/toolchain/avr8/avr8-gnu-toolchain/bin/../lib/gcc/avr/5.4.0/avrxmega6\libgcc.a(_copy_data.o)
 .text.libgcc.fixed
                0x00000000        0x0 c:/program files (x86)/atmel/studio/7.0/toolchain/avr8/avr8-gnu-toolchain/bin/../lib/gcc/avr/5.4.0/avrxmega6\libgcc.a(_copy_data.o)
 .text          0x00000000        0x0 c:/program files (x86)/atmel/studio/7.0/toolchain/avr8/avr8-gnu-toolchain/bin/../lib/gcc/avr/5.4.0/avrxmega6\libgcc.a(_clear_bss.o)
 .data          0x00000000        0x0 c:/program files (x86)/atmel/studio/7.0/toolchain/avr8/avr8-gnu-toolchain/bin/../lib/gcc/avr/5.4.0/avrxmega6\libgcc.a(_clear_bss.o)
 .bss           0x00000000        0x0 c:/program files (x86)/atmel/studio/7.0/toolchain/avr8/avr8-gnu-toolchain/bin/../lib/gcc/avr/5.4.0/avrxmega6\libgcc.a(_clear_bss.o)
 .text.libgcc.mul
                0x00000000        0x0 c:/program files (x86)/atmel/studio/7.0/toolchain/avr8/avr8-gnu-toolchain/bin/../lib/gcc/avr/5.4.0/avrxmega6\libgcc.a(_clear_bss.o)
 .text.libgcc.div
                0x00000000        0x0 c:/program files (x86)/atmel/studio/7.0/toolchain/avr8/avr8-gnu-toolchain/bin/../lib/gcc/avr/5.4.0/avrxmega6\libgcc.a(_clear_bss.o)
 .text.libgcc   0x00000000        0x0 c:/program files (x86)/atmel/studio/7.0/toolchain/avr8/avr8-gnu-toolchain/bin/../lib/gcc/avr/5.4.0/avrxmega6\libgcc.a(_clear_bss.o)
 .text.libgcc.prologue
                0x00000000        0x0 c:/program files (x86)/atmel/studio/7.0/toolchain/avr8/avr8-gnu-toolchain/bin/../lib/gcc/avr/5.4.0/avrxmega6\libgcc.a(_clear_bss.o)
 .text.libgcc.builtins
                0x00000000        0x0 c:/program files (x86)/atmel/studio/7.0/toolchain/avr8/avr8-gnu-toolchain/bin/../lib/gcc/avr/5.4.0/avrxmega6\libgcc.a(_clear_bss.o)
 .text.libgcc.fmul
                0x00000000        0x0 c:/program files (x86)/atmel/studio/7.0/toolchain/avr8/avr8-gnu-toolchain/bin/../lib/gcc/avr/5.4.0/avrxmega6\libgcc.a(_clear_bss.o)
 .text.libgcc.fixed
                0x00000000        0x0 c:/program files (x86)/atmel/studio/7.0/toolchain/avr8/avr8-gnu-toolchain/bin/../lib/gcc/avr/5.4.0/avrxmega6\libgcc.a(_clear_bss.o)
 .text          0x00000000        0x0 c:/program files (x86)/atmel/studio/7.0/toolchain/avr8/avr8-gnu-toolchain/bin/../lib/gcc/avr/5.4.0/avrxmega6\libgcc.a(_umulhisi3.o)
 .data          0x00000000        0x0 c:/program files (x86)/atmel/studio/7.0/toolchain/avr8/avr8-gnu-toolchain/bin/../lib/gcc/avr/5.4.0/avrxmega6\libgcc.a(_umulhisi3.o)
 .bss           0x00000000        0x0 c:/program files (x86)/atmel/studio/7.0/toolchain/avr8/avr8-gnu-toolchain/bin/../lib/gcc/avr/5.4.0/avrxmega6\libgcc.a(_umulhisi3.o)
 .text.libgcc.div
                0x00000000        0x0 c:/program files (x86)/atmel/studio/7.0/toolchain/avr8/avr8-gnu-toolchain/bin/../lib/gcc/avr/5.4.0/avrxmega6\libgcc.a(_umulhisi3.o)
 .text.libgcc   0x00000000        0x0 c:/program files (x86)/atmel/studio/7.0/toolchain/avr8/avr8-gnu-toolchain/bin/../lib/gcc/avr/5.4.0/avrxmega6\libgcc.a(_umulhisi3.o)
 .text.libgcc.prologue
                0x00000000        0x0 c:/program files (x86)/atmel/studio/7.0/toolchain/avr8/avr8-gnu-toolchain/bin/../lib/gcc/avr/5.4.0/avrxmega6\libgcc.a(_umulhisi3.o)
 .text.libgcc.builtins
                0x00000000        0x0 c:/program files (x86)/atmel/studio/7.0/toolchain/avr8/avr8-gnu-toolchain/bin/../lib/gcc/avr/5.4.0/avrxmega6\libgcc.a(_umulhisi3.o)
 .text.libgcc.fmul
                0x00000000        0x0 c:/program files (x86)/atmel/studio/7.0/toolchain/avr8/avr8-gnu-toolchain/bin/../lib/gcc/avr/5.4.0/avrxmega6\libgcc.a(_umulhisi3.o)
 .text.libgcc.fixed
                0x00000000        0x0 c:/program files (x86)/atmel/studio/7.0/toolchain/avr8/avr8-gnu-toolchain/bin/../lib/gcc/avr/5.4.0/avrxmega6\libgcc.a(_umulhisi3.o)
 .text          0x00000000        0x0 c:/program files (x86)/atmel/studio/7.0/toolchain/avr8/avr8-gnu-toolchain/bin/../lib/gcc/avr/5.4.0/avrxmega6\libgcc.a(_muluhisi3.o)
 .data          0x00000000        0x0 c:/program files (x86)/atmel/studio/7.0/toolchain/avr8/avr8-gnu-toolchain/bin/../lib/gcc/avr/5.4.0/avrxmega6\libgcc.a(_muluhisi3.o)
 .bss           0x00000000        0x0 c:/program files (x86)/atmel/studio/7.0/toolchain/avr8/avr8-gnu-toolchain/bin/../lib/gcc/avr/5.4.0/avrxmega6\libgcc.a(_muluhisi3.o)
 .text.libgcc.div
                0x00000000        0x0 c:/program files (x86)/atmel/studio/7.0/toolchain/avr8/avr8-gnu-toolchain/bin/../lib/gcc/avr/5.4.0/avrxmega6\libgcc.a(_muluhisi3.o)
 .text.libgcc   0x00000000        0x0 c:/program files (x86)/atmel/studio/7.0/toolchain/avr8/avr8-gnu-toolchain/bin/../lib/gcc/avr/5.4.0/avrxmega6\libgcc.a(_muluhisi3.o)
 .text.libgcc.prologue
                0x00000000        0x0 c:/program files (x86)/atmel/studio/7.0/toolchain/avr8/avr8-gnu-toolchain/bin/../lib/gcc/avr/5.4.0/avrxmega6\libgcc.a(_muluhisi3.o)
 .text.libgcc.builtins
                0x00000000        0x0 c:/program files (x86)/atmel/studio/7.0/toolchain/avr8/avr8-gnu-toolchain/bin/../lib/gcc/avr/5.4.0/avrxmega6\libgcc.a(_muluhisi3.o)
 .text.libgcc.fmul
                0x00000000        0x0 c:/program files (x86)/atmel/studio/7.0/toolchain/avr8/avr8-gnu-toolchain/bin/../lib/gcc/avr/5.4.0/avrxmega6\libgcc.a(_muluhisi3.o)
 .text.libgcc.fixed
                0x00000000        0x0 c:/program files (x86)/atmel/studio/7.0/toolchain/avr8/avr8-gnu-toolchain/bin/../lib/gcc/avr/5.4.0/avrxmega6\libgcc.a(_muluhisi3.o)
 .text          0x00000000        0x0 c:/program files (x86)/atmel/studio/7.0/toolchain/avr8/avr8-gnu-toolchain/bin/../lib/gcc/avr/5.4.0/../../../../avr/lib/avrxmega6\libc.a(strchr.o)
 .data          0x00000000        0x0 c:/program files (x86)/atmel/studio/7.0/toolchain/avr8/avr8-gnu-toolchain/bin/../lib/gcc/avr/5.4.0/../../../../avr/lib/avrxmega6\libc.a(strchr.o)
 .bss           0x00000000        0x0 c:/program files (x86)/atmel/studio/7.0/toolchain/avr8/avr8-gnu-toolchain/bin/../lib/gcc/avr/5.4.0/../../../../avr/lib/avrxmega6\libc.a(strchr.o)
 .text          0x00000000        0x0 c:/program files (x86)/atmel/studio/7.0/toolchain/avr8/avr8-gnu-toolchain/bin/../lib/gcc/avr/5.4.0/../../../../avr/lib/avrxmega6\libc.a(strstr.o)
 .data          0x00000000        0x0 c:/program files (x86)/atmel/studio/7.0/toolchain/avr8/avr8-gnu-toolchain/bin/../lib/gcc/avr/5.4.0/../../../../avr/lib/avrxmega6\libc.a(strstr.o)
 .bss           0x00000000        0x0 c:/program files (x86)/atmel/studio/7.0/toolchain/avr8/avr8-gnu-toolchain/bin/../lib/gcc/avr/5.4.0/../../../../avr/lib/avrxmega6\libc.a(strstr.o)
 .text.avr-libc
                0x00000000       0x34 c:/program files (x86)/atmel/studio/7.0/toolchain/avr8/avr8-gnu-toolchain/bin/../lib/gcc/avr/5.4.0/../../../../avr/lib/avrxmega6\libc.a(strstr.o)
 .text          0x00000000        0x0 c:/program files (x86)/atmel/studio/7.0/toolchain/avr8/avr8-gnu-toolchain/bin/../lib/gcc/avr/5.4.0/../../../../avr/lib/avrxmega6\libc.a(ltoa_ncheck.o)
 .data          0x00000000        0x0 c:/program files (x86)/atmel/studio/7.0/toolchain/avr8/avr8-gnu-toolchain/bin/../lib/gcc/avr/5.4.0/../../../../avr/lib/avrxmega6\libc.a(ltoa_ncheck.o)
 .bss           0x00000000        0x0 c:/program files (x86)/atmel/studio/7.0/toolchain/avr8/avr8-gnu-toolchain/bin/../lib/gcc/avr/5.4.0/../../../../avr/lib/avrxmega6\libc.a(ltoa_ncheck.o)
 .text          0x00000000        0x0 c:/program files (x86)/atmel/studio/7.0/toolchain/avr8/avr8-gnu-toolchain/bin/../lib/gcc/avr/5.4.0/../../../../avr/lib/avrxmega6\libc.a(ultoa_ncheck.o)
 .data          0x00000000        0x0 c:/program files (x86)/atmel/studio/7.0/toolchain/avr8/avr8-gnu-toolchain/bin/../lib/gcc/avr/5.4.0/../../../../avr/lib/avrxmega6\libc.a(ultoa_ncheck.o)
 .bss           0x00000000        0x0 c:/program files (x86)/atmel/studio/7.0/toolchain/avr8/avr8-gnu-toolchain/bin/../lib/gcc/avr/5.4.0/../../../../avr/lib/avrxmega6\libc.a(ultoa_ncheck.o)
 .text          0x00000000        0x0 c:/program files (x86)/atmel/studio/7.0/toolchain/avr8/avr8-gnu-toolchain/bin/../lib/gcc/avr/5.4.0/../../../../avr/lib/avrxmega6\libc.a(strrev.o)
 .data          0x00000000        0x0 c:/program files (x86)/atmel/studio/7.0/toolchain/avr8/avr8-gnu-toolchain/bin/../lib/gcc/avr/5.4.0/../../../../avr/lib/avrxmega6\libc.a(strrev.o)
 .bss           0x00000000        0x0 c:/program files (x86)/atmel/studio/7.0/toolchain/avr8/avr8-gnu-toolchain/bin/../lib/gcc/avr/5.4.0/../../../../avr/lib/avrxmega6\libc.a(strrev.o)

Memory Configuration

Name             Origin             Length             Attributes
text             0x00000000         0x00100000         xr
data             0x00802000         0x0000ffa0         rw !x
eeprom           0x00810000         0x00010000         rw !x
fuse             0x00820000         0x00000006         rw !x
lock             0x00830000         0x00000400         rw !x
signature        0x00840000         0x00000400         rw !x
user_signatures  0x00850000         0x00000400         rw !x
*default*        0x00000000         0xffffffff

Linker script and memory map

LOAD C:/Program Files (x86)/Atmel/Studio/7.0/Packs/atmel/XMEGAA_DFP/1.1.68/gcc/dev/atxmega256a3u/avrxmega6/crtatxmega256a3u.o
LOAD ADS1299.o
LOAD Application.o
LOAD ff.o
LOAD main.o
LOAD sdmm.o
LOAD systemClock.o
LOAD uart.o
START GROUP
LOAD c:/program files (x86)/atmel/studio/7.0/toolchain/avr8/avr8-gnu-toolchain/bin/../lib/gcc/avr/5.4.0/../../../../avr/lib/avrxmega6\libm.a
END GROUP
START GROUP
LOAD c:/program files (x86)/atmel/studio/7.0/toolchain/avr8/avr8-gnu-toolchain/bin/../lib/gcc/avr/5.4.0/avrxmega6\libgcc.a
LOAD c:/program files (x86)/atmel/studio/7.0/toolchain/avr8/avr8-gnu-toolchain/bin/../lib/gcc/avr/5.4.0/../../../../avr/lib/avrxmega6\libm.a
LOAD c:/program files (x86)/atmel/studio/7.0/toolchain/avr8/avr8-gnu-toolchain/bin/../lib/gcc/avr/5.4.0/../../../../avr/lib/avrxmega6\libc.a
LOAD C:/Program Files (x86)/Atmel/Studio/7.0/Packs/atmel/XMEGAA_DFP/1.1.68/gcc/dev/atxmega256a3u/avrxmega6\libatxmega256a3u.a
END GROUP
                0x00000000                __TEXT_REGION_ORIGIN__ = DEFINED (__TEXT_REGION_ORIGIN__)?__TEXT_REGION_ORIGIN__:0x0
                0x00802000                __DATA_REGION_ORIGIN__ = DEFINED (__DATA_REGION_ORIGIN__)?__DATA_REGION_ORIGIN__:0x802000
                0x00100000                __TEXT_REGION_LENGTH__ = DEFINED (__TEXT_REGION_LENGTH__)?__TEXT_REGION_LENGTH__:0x100000
                0x0000ffa0                __DATA_REGION_LENGTH__ = DEFINED (__DATA_REGION_LENGTH__)?__DATA_REGION_LENGTH__:0xffa0
                0x00010000                __EEPROM_REGION_LENGTH__ = DEFINED (__EEPROM_REGION_LENGTH__)?__EEPROM_REGION_LENGTH__:0x10000
                [0x00000006]                __FUSE_REGION_LENGTH__ = DEFINED (__FUSE_REGION_LENGTH__)?__FUSE_REGION_LENGTH__:0x400
                0x00000400                __LOCK_REGION_LENGTH__ = DEFINED (__LOCK_REGION_LENGTH__)?__LOCK_REGION_LENGTH__:0x400
                0x00000400                __SIGNATURE_REGION_LENGTH__ = DEFINED (__SIGNATURE_REGION_LENGTH__)?__SIGNATURE_REGION_LENGTH__:0x400
                0x00000400                __USER_SIGNATURE_REGION_LENGTH__ = DEFINED (__USER_SIGNATURE_REGION_LENGTH__)?__USER_SIGNATURE_REGION_LENGTH__:0x400

.hash
 *(.hash)

.dynsym
 *(.dynsym)

.dynstr
 *(.dynstr)

.gnu.version
 *(.gnu.version)

.gnu.version_d
 *(.gnu.version_d)

.gnu.version_r
 *(.gnu.version_r)

.rel.init
 *(.rel.init)

.rela.init
 *(.rela.init)

.rel.text
 *(.rel.text)
 *(.rel.text.*)
 *(.rel.gnu.linkonce.t*)

.rela.text
 *(.rela.text)
 *(.rela.text.*)
 *(.rela.gnu.linkonce.t*)

.rel.fini
 *(.rel.fini)

.rela.fini
 *(.rela.fini)

.rel.rodata
 *(.rel.rodata)
 *(.rel.rodata.*)
 *(.rel.gnu.linkonce.r*)

.rela.rodata
 *(.rela.rodata)
 *(.rela.rodata.*)
 *(.rela.gnu.linkonce.r*)

.rel.data
 *(.rel.data)
 *(.rel.data.*)
 *(.rel.gnu.linkonce.d*)

.rela.data
 *(.rela.data)
 *(.rela.data.*)
 *(.rela.gnu.linkonce.d*)

.rel.ctors
 *(.rel.ctors)

.rela.ctors
 *(.rela.ctors)

.rel.dtors
 *(.rel.dtors)

.rela.dtors
 *(.rela.dtors)

.rel.got
 *(.rel.got)

.rela.got
 *(.rela.got)

.rel.bss
 *(.rel.bss)

.rela.bss
 *(.rela.bss)

.rel.plt
 *(.rel.plt)

.rela.plt
 *(.rela.plt)

.text           0x00000000     0x47c8
 *(.vectors)
 .vectors       0x00000000      0x1fc C:/Program Files (x86)/Atmel/Studio/7.0/Packs/atmel/XMEGAA_DFP/1.1.68/gcc/dev/atxmega256a3u/avrxmega6/crtatxmega256a3u.o
                0x00000000                __vector_default
                0x00000000                __vectors
 *(.vectors)
 *(.progmem.gcc*)
 .progmem.gcc_sw_table.f_printf
                0x000001fc       0x2e ff.o
 .progmem.gcc_sw_table.main
                0x0000022a       0x1a main.o
                0x00000244                . = ALIGN (0x2)
                0x00000244                __trampolines_start = .
 *(.trampolines)
 .trampolines   0x00000244       0x50 linker stubs
 *(.trampolines*)
                0x00000294                __trampolines_end = .
 *libprintf_flt.a:*(.progmem.data)
 *libc.a:*(.progmem.data)
 *(.progmem*)
                0x00000294                . = ALIGN (0x2)
 *(.jumptables)
 *(.jumptables*)
 *(.lowtext)
 *(.lowtext*)
                0x00000294                __ctors_start = .
 *(.ctors)
                0x00000294                __ctors_end = .
                0x00000294                __dtors_start = .
 *(.dtors)
                0x00000294                __dtors_end = .
 SORT(*)(.ctors)
 SORT(*)(.dtors)
 *(.init0)
 .init0         0x00000294        0x0 C:/Program Files (x86)/Atmel/Studio/7.0/Packs/atmel/XMEGAA_DFP/1.1.68/gcc/dev/atxmega256a3u/avrxmega6/crtatxmega256a3u.o
                0x00000294                __init
 *(.init0)
 *(.init1)
 *(.init1)
 *(.init2)
 .init2         0x00000294       0x10 C:/Program Files (x86)/Atmel/Studio/7.0/Packs/atmel/XMEGAA_DFP/1.1.68/gcc/dev/atxmega256a3u/avrxmega6/crtatxmega256a3u.o
 *(.init2)
 *(.init3)
 *(.init3)
 *(.init4)
 .init4         0x000002a4       0x1a c:/program files (x86)/atmel/studio/7.0/toolchain/avr8/avr8-gnu-toolchain/bin/../lib/gcc/avr/5.4.0/avrxmega6\libgcc.a(_copy_data.o)
                0x000002a4                __do_copy_data
 .init4         0x000002be       0x10 c:/program files (x86)/atmel/studio/7.0/toolchain/avr8/avr8-gnu-toolchain/bin/../lib/gcc/avr/5.4.0/avrxmega6\libgcc.a(_clear_bss.o)
                0x000002be                __do_clear_bss
 *(.init4)
 *(.init5)
 *(.init5)
 *(.init6)
 *(.init6)
 *(.init7)
 *(.init7)
 *(.init8)
 *(.init8)
 *(.init9)
 .init9         0x000002ce        0x8 C:/Program Files (x86)/Atmel/Studio/7.0/Packs/atmel/XMEGAA_DFP/1.1.68/gcc/dev/atxmega256a3u/avrxmega6/crtatxmega256a3u.o
 *(.init9)
 *(.text)
 .text          0x000002d6        0x4 C:/Program Files (x86)/Atmel/Studio/7.0/Packs/atmel/XMEGAA_DFP/1.1.68/gcc/dev/atxmega256a3u/avrxmega6/crtatxmega256a3u.o
                0x000002d6                __vector_38
                0x000002d6                __vector_104
                0x000002d6                __vector_22
                0x000002d6                __vector_63
                0x000002d6                __vector_28
                0x000002d6                __vector_67
                0x000002d6                __vector_1
                0x000002d6                __vector_119
                0x000002d6                __vector_32
                0x000002d6                __vector_75
                0x000002d6                __vector_71
                0x000002d6                __vector_91
                0x000002d6                __vector_34
                0x000002d6                __vector_62
                0x000002d6                __vector_77
                0x000002d6                __vector_102
                0x000002d6                __vector_24
                0x000002d6                __vector_12
                0x000002d6                __vector_55
                0x000002d6                __vector_69
                0x000002d6                __vector_81
                0x000002d6                __vector_90
                0x000002d6                __vector_46
                0x000002d6                __bad_interrupt
                0x000002d6                __vector_122
                0x000002d6                __vector_72
                0x000002d6                __vector_114
                0x000002d6                __vector_6
                0x000002d6                __vector_110
                0x000002d6                __vector_31
                0x000002d6                __vector_92
                0x000002d6                __vector_35
                0x000002d6                __vector_78
                0x000002d6                __vector_74
                0x000002d6                __vector_117
                0x000002d6                __vector_39
                0x000002d6                __vector_107
                0x000002d6                __vector_3
                0x000002d6                __vector_105
                0x000002d6                __vector_98
                0x000002d6                __vector_23
                0x000002d6                __vector_68
                0x000002d6                __vector_30
                0x000002d6                __vector_73
                0x000002d6                __vector_45
                0x000002d6                __vector_93
                0x000002d6                __vector_61
                0x000002d6                __vector_11
                0x000002d6                __vector_54
                0x000002d6                __vector_99
                0x000002d6                __vector_13
                0x000002d6                __vector_17
                0x000002d6                __vector_19
                0x000002d6                __vector_56
                0x000002d6                __vector_7
                0x000002d6                __vector_125
                0x000002d6                __vector_49
                0x000002d6                __vector_123
                0x000002d6                __vector_41
                0x000002d6                __vector_86
                0x000002d6                __vector_100
                0x000002d6                __vector_101
                0x000002d6                __vector_88
                0x000002d6                __vector_109
                0x000002d6                __vector_43
                0x000002d6                __vector_27
                0x000002d6                __vector_5
                0x000002d6                __vector_113
                0x000002d6                __vector_33
                0x000002d6                __vector_76
                0x000002d6                __vector_115
                0x000002d6                __vector_47
                0x000002d6                __vector_52
                0x000002d6                __vector_37
                0x000002d6                __vector_95
                0x000002d6                __vector_103
                0x000002d6                __vector_96
                0x000002d6                __vector_89
                0x000002d6                __vector_108
                0x000002d6                __vector_4
                0x000002d6                __vector_44
                0x000002d6                __vector_82
                0x000002d6                __vector_106
                0x000002d6                __vector_118
                0x000002d6                __vector_51
                0x000002d6                __vector_9
                0x000002d6                __vector_2
                0x000002d6                __vector_21
                0x000002d6                __vector_15
                0x000002d6                __vector_66
                0x000002d6                __vector_36
                0x000002d6                __vector_79
                0x000002d6                __vector_70
                0x000002d6                __vector_83
                0x000002d6                __vector_29
                0x000002d6                __vector_60
                0x000002d6                __vector_121
                0x000002d6                __vector_40
                0x000002d6                __vector_85
                0x000002d6                __vector_94
                0x000002d6                __vector_126
                0x000002d6                __vector_8
                0x000002d6                __vector_48
                0x000002d6                __vector_124
                0x000002d6                __vector_116
                0x000002d6                __vector_112
                0x000002d6                __vector_111
                0x000002d6                __vector_80
                0x000002d6                __vector_14
                0x000002d6                __vector_84
                0x000002d6                __vector_57
                0x000002d6                __vector_53
                0x000002d6                __vector_10
                0x000002d6                __vector_50
                0x000002d6                __vector_16
                0x000002d6                __vector_18
                0x000002d6                __vector_97
                0x000002d6                __vector_20
                0x000002d6                __vector_42
                0x000002d6                __vector_87
                0x000002d6                __vector_65
                0x000002d6                __vector_120
                0x000002da                . = ALIGN (0x2)
 *(.text.*)
 .text.ADSspi_init
                0x000002da       0x3e ADS1299.o
                0x000002da                ADSspi_init
 .text.transfer
                0x00000318       0x14 ADS1299.o
                0x00000318                transfer
 .text.adsWakeup
                0x0000032c       0x36 ADS1299.o
                0x0000032c                adsWakeup
 .text.adsStandby
                0x00000362       0x2e ADS1299.o
                0x00000362                adsStandby
 .text.adsReset
                0x00000390       0x38 ADS1299.o
                0x00000390                adsReset
 .text.adsStart
                0x000003c8       0x2e ADS1299.o
                0x000003c8                adsStart
 .text.adsStop  0x000003f6       0x2e ADS1299.o
                0x000003f6                adsStop
 .text.adsRDATAC
                0x00000424       0x2e ADS1299.o
                0x00000424                adsRDATAC
 .text.adsGetDeviceID
                0x00000452       0x6e ADS1299.o
                0x00000452                adsGetDeviceID
 .text.adsWREG  0x000004c0       0x68 ADS1299.o
                0x000004c0                adsWREG
 .text.adsGetData
                0x00000528       0xee ADS1299.o
                0x00000528                adsGetData
 .text.BL_DataBuffPutSample
                0x00000616       0x6c Application.o
                0x00000616                BL_DataBuffPutSample
 .text.SD_DataBuffPutSample
                0x00000682      0x1bc Application.o
                0x00000682                SD_DataBuffPutSample
 .text.uart_send_BT_sample
                0x0000083e       0x74 Application.o
                0x0000083e                uart_send_BT_sample
 .text.SPI_send_SD_str
                0x000008b2       0x52 Application.o
                0x000008b2                SPI_send_SD_str
 .text.SD_clear
                0x00000904       0x4a Application.o
                0x00000904                SD_clear
 .text.process_bl_command
                0x0000094e       0xe0 Application.o
                0x0000094e                process_bl_command
 .text.setup_ADS_dry_interrupt
                0x00000a2e       0x38 Application.o
                0x00000a2e                setup_ADS_dry_interrupt
 .text.disable_ADS_dry_inerrupt
                0x00000a66       0x10 Application.o
                0x00000a66                disable_ADS_dry_inerrupt
 .text.__vector_64
                0x00000a76       0x98 Application.o
                0x00000a76                __vector_64
 .text.ld_dword
                0x00000b0e       0x36 ff.o
 .text.mem_cpy  0x00000b44       0x1c ff.o
 .text.mem_set  0x00000b60       0x10 ff.o
 .text.mem_cmp  0x00000b70       0x1c ff.o
 .text.clst2sect
                0x00000b8c       0x50 ff.o
 .text.get_ldnumber
                0x00000bdc       0x6c ff.o
 .text.validate
                0x00000c48       0x5a ff.o
 .text.sync_window
                0x00000ca2       0xb4 ff.o
 .text.move_window
                0x00000d56       0x7c ff.o
 .text.dir_clear
                0x00000dd2       0xc4 ff.o
 .text.sync_fs  0x00000e96       0xec ff.o
 .text.put_fat  0x00000f82      0x244 ff.o
 .text.st_clust
                0x000011c6       0x1a ff.o
 .text.get_fat  0x000011e0      0x1be ff.o
 .text.dir_sdi  0x0000139e      0x1d6 ff.o
 .text.create_chain
                0x00001574      0x2cc ff.o
 .text.remove_chain
                0x00001840      0x12a ff.o
 .text.dir_next
                0x0000196a      0x1fe ff.o
 .text.dir_register
                0x00001b68       0xbe ff.o
 .text.check_fs
                0x00001c26       0x8e ff.o
 .text.find_volume
                0x00001cb4      0x65c ff.o
 .text.ld_clust
                0x00002310       0x44 ff.o
 .text.follow_path
                0x00002354      0x2c4 ff.o
 .text.f_mount  0x00002618       0x84 ff.o
                0x00002618                f_mount
 .text.f_open   0x0000269c      0x39c ff.o
                0x0000269c                f_open
 .text.f_write  0x00002a38      0x39e ff.o
                0x00002a38                f_write
 .text.putc_bfd
                0x00002dd6       0xac ff.o
 .text.putc_flush
                0x00002e82       0x68 ff.o
 .text.f_sync   0x00002eea       0xe4 ff.o
                0x00002eea                f_sync
 .text.f_close  0x00002fce       0x3e ff.o
                0x00002fce                f_close
 .text.f_printf
                0x0000300c      0x4b6 ff.o
                0x0000300c                f_printf
 .text.main     0x000034c2      0x518 main.o
                0x000034c2                main
 .text.xmit_mmc
                0x000039da       0x1c sdmm.o
 .text.rcvr_mmc
                0x000039f6       0x20 sdmm.o
 .text.deselect
                0x00003a16       0x24 sdmm.o
 .text.dly_us   0x00003a3a       0x32 sdmm.o
 .text.wait_ready
                0x00003a6c       0x4a sdmm.o
 .text.select   0x00003ab6       0x42 sdmm.o
 .text.send_cmd
                0x00003af8       0xfc sdmm.o
 .text.xmit_datablock
                0x00003bf4       0x7a sdmm.o
 .text.rcvr_datablock
                0x00003c6e       0x7a sdmm.o
 .text.disk_status
                0x00003ce8        0xe sdmm.o
                0x00003ce8                disk_status
 .text.disk_initialize
                0x00003cf6      0x1a6 sdmm.o
                0x00003cf6                disk_initialize
 .text.disk_read
                0x00003e9c       0xa0 sdmm.o
                0x00003e9c                disk_read
 .text.disk_write
                0x00003f3c       0xd2 sdmm.o
                0x00003f3c                disk_write
 .text.disk_ioctl
                0x0000400e      0x164 sdmm.o
                0x0000400e                disk_ioctl
 .text.CCPWrite
                0x00004172       0x2a systemClock.o
                0x00004172                CCPWrite
 .text.ClockSrc_Sel
                0x0000419c       0x2a systemClock.o
                0x0000419c                ClockSrc_Sel
 .text.set_32MHz_clk
                0x000041c6       0x18 systemClock.o
                0x000041c6                set_32MHz_clk
 .text.uart_serial_init
                0x000041de       0x58 uart.o
                0x000041de                uart_serial_init
 .text.uart_bluetooth_init
                0x00004236       0x86 uart.o
                0x00004236                uart_bluetooth_init
 .text.uart_send_serial_str
                0x000042bc       0x2c uart.o
                0x000042bc                uart_send_serial_str
 .text.uart_send_char_serial
                0x000042e8       0x10 uart.o
                0x000042e8                uart_send_char_serial
 .text.uart_send_BT
                0x000042f8       0x22 uart.o
                0x000042f8                uart_send_BT
 .text.uart_send_char_BT
                0x0000431a       0x10 uart.o
                0x0000431a                uart_send_char_BT
 .text.__vector_59
                0x0000432a       0x6e uart.o
                0x0000432a                __vector_59
 .text.__vector_26
                0x00004398       0x6e uart.o
                0x00004398                __vector_26
 .text.__vector_25
                0x00004406       0x68 uart.o
                0x00004406                __vector_25
 .text.__vector_58
                0x0000446e       0x68 uart.o
                0x0000446e                __vector_58
 .text.avr-libc.fplib
                0x000044d6        0xe c:/program files (x86)/atmel/studio/7.0/toolchain/avr8/avr8-gnu-toolchain/bin/../lib/gcc/avr/5.4.0/../../../../avr/lib/avrxmega6\libm.a(addsf3.o)
                0x000044d6                __subsf3
                0x000044d8                __addsf3
 .text.avr-libc.fplib
                0x000044e4       0xcc c:/program files (x86)/atmel/studio/7.0/toolchain/avr8/avr8-gnu-toolchain/bin/../lib/gcc/avr/5.4.0/../../../../avr/lib/avrxmega6\libm.a(addsf3x.o)
                0x00004506                __addsf3x
 .text.avr-libc.fplib
                0x000045b0        0xa c:/program files (x86)/atmel/studio/7.0/toolchain/avr8/avr8-gnu-toolchain/bin/../lib/gcc/avr/5.4.0/../../../../avr/lib/avrxmega6\libm.a(cmpsf2.o)
                0x000045b0                __nesf2
                0x000045b0                __eqsf2
                0x000045b0                __cmpsf2
                0x000045b0                __ltsf2
                0x000045b0                __lesf2
 .text.avr-libc.fplib
                0x000045ba       0x48 c:/program files (x86)/atmel/studio/7.0/toolchain/avr8/avr8-gnu-toolchain/bin/../lib/gcc/avr/5.4.0/../../../../avr/lib/avrxmega6\libm.a(fp_cmp.o)
                0x000045ba                __fp_cmp
 .text.avr-libc.fplib
                0x00004602        0xc c:/program files (x86)/atmel/studio/7.0/toolchain/avr8/avr8-gnu-toolchain/bin/../lib/gcc/avr/5.4.0/../../../../avr/lib/avrxmega6\libm.a(fp_inf.o)
                0x00004602                __fp_inf
 .text.avr-libc.fplib
                0x0000460e        0x6 c:/program files (x86)/atmel/studio/7.0/toolchain/avr8/avr8-gnu-toolchain/bin/../lib/gcc/avr/5.4.0/../../../../avr/lib/avrxmega6\libm.a(fp_nan.o)
                0x0000460e                __fp_nan
 .text.avr-libc.fplib
                0x00004614        0xe c:/program files (x86)/atmel/studio/7.0/toolchain/avr8/avr8-gnu-toolchain/bin/../lib/gcc/avr/5.4.0/../../../../avr/lib/avrxmega6\libm.a(fp_pscA.o)
                0x00004614                __fp_pscA
 .text.avr-libc.fplib
                0x00004622        0xe c:/program files (x86)/atmel/studio/7.0/toolchain/avr8/avr8-gnu-toolchain/bin/../lib/gcc/avr/5.4.0/../../../../avr/lib/avrxmega6\libm.a(fp_pscB.o)
                0x00004622                __fp_pscB
 .text.avr-libc.fplib
                0x00004630       0x22 c:/program files (x86)/atmel/studio/7.0/toolchain/avr8/avr8-gnu-toolchain/bin/../lib/gcc/avr/5.4.0/../../../../avr/lib/avrxmega6\libm.a(fp_round.o)
                0x00004630                __fp_round
 .text.avr-libc.fplib
                0x00004652       0x44 c:/program files (x86)/atmel/studio/7.0/toolchain/avr8/avr8-gnu-toolchain/bin/../lib/gcc/avr/5.4.0/../../../../avr/lib/avrxmega6\libm.a(fp_split3.o)
                0x00004652                __fp_split3
                0x00004662                __fp_splitA
 .text.avr-libc.fplib
                0x00004696        0xe c:/program files (x86)/atmel/studio/7.0/toolchain/avr8/avr8-gnu-toolchain/bin/../lib/gcc/avr/5.4.0/../../../../avr/lib/avrxmega6\libm.a(fp_zero.o)
                0x00004696                __fp_zero
                0x00004698                __fp_szero
 .text.libgcc.div
                0x000046a4       0x44 c:/program files (x86)/atmel/studio/7.0/toolchain/avr8/avr8-gnu-toolchain/bin/../lib/gcc/avr/5.4.0/avrxmega6\libgcc.a(_udivmodsi4.o)
                0x000046a4                __udivmodsi4
 .text.libgcc   0x000046e8       0x10 c:/program files (x86)/atmel/studio/7.0/toolchain/avr8/avr8-gnu-toolchain/bin/../lib/gcc/avr/5.4.0/avrxmega6\libgcc.a(_tablejump2.o)
                0x000046e8                __tablejump2__
 .text.libgcc.mul
                0x000046f8       0x1e c:/program files (x86)/atmel/studio/7.0/toolchain/avr8/avr8-gnu-toolchain/bin/../lib/gcc/avr/5.4.0/avrxmega6\libgcc.a(_umulhisi3.o)
                0x000046f8                __umulhisi3
 .text.libgcc.mul
                0x00004716       0x16 c:/program files (x86)/atmel/studio/7.0/toolchain/avr8/avr8-gnu-toolchain/bin/../lib/gcc/avr/5.4.0/avrxmega6\libgcc.a(_muluhisi3.o)
                0x00004716                __muluhisi3
 .text.avr-libc
                0x0000472c       0x16 c:/program files (x86)/atmel/studio/7.0/toolchain/avr8/avr8-gnu-toolchain/bin/../lib/gcc/avr/5.4.0/../../../../avr/lib/avrxmega6\libc.a(strchr.o)
                0x0000472c                strchr
 .text.avr-libc
                0x00004742       0x1e c:/program files (x86)/atmel/studio/7.0/toolchain/avr8/avr8-gnu-toolchain/bin/../lib/gcc/avr/5.4.0/../../../../avr/lib/avrxmega6\libc.a(ltoa_ncheck.o)
                0x00004742                __ltoa_ncheck
 .text.avr-libc
                0x00004760       0x44 c:/program files (x86)/atmel/studio/7.0/toolchain/avr8/avr8-gnu-toolchain/bin/../lib/gcc/avr/5.4.0/../../../../avr/lib/avrxmega6\libc.a(ultoa_ncheck.o)
                0x00004760                __ultoa_ncheck
                0x00004762                __ultoa_common
 .text.avr-libc
                0x000047a4       0x20 c:/program files (x86)/atmel/studio/7.0/toolchain/avr8/avr8-gnu-toolchain/bin/../lib/gcc/avr/5.4.0/../../../../avr/lib/avrxmega6\libc.a(strrev.o)
                0x000047a4                strrev
                0x000047c4                . = ALIGN (0x2)
 *(.fini9)
 .fini9         0x000047c4        0x0 c:/program files (x86)/atmel/studio/7.0/toolchain/avr8/avr8-gnu-toolchain/bin/../lib/gcc/avr/5.4.0/avrxmega6\libgcc.a(_exit.o)
                0x000047c4                _exit
                0x000047c4                exit
 *(.fini9)
 *(.fini8)
 *(.fini8)
 *(.fini7)
 *(.fini7)
 *(.fini6)
 *(.fini6)
 *(.fini5)
 *(.fini5)
 *(.fini4)
 *(.fini4)
 *(.fini3)
 *(.fini3)
 *(.fini2)
 *(.fini2)
 *(.fini1)
 *(.fini1)
 *(.fini0)
 .fini0         0x000047c4        0x4 c:/program files (x86)/atmel/studio/7.0/toolchain/avr8/avr8-gnu-toolchain/bin/../lib/gcc/avr/5.4.0/avrxmega6\libgcc.a(_exit.o)
 *(.fini0)
                0x000047c8                _etext = .

.data           0x00802000       0xdc load address 0x000047c8
                0x00802000                PROVIDE (__data_start, .)
 *(.data)
 *(.data*)
 .data.Stat     0x00802000        0x1 sdmm.o
 .data.UART_buff
                0x00802001       0x1e uart.o
                0x00802001                UART_buff
 *(.gnu.linkonce.d*)
 *(.rodata)
 .rodata        0x0080201f        0x6 main.o
 *(.rodata*)
 .rodata.str1.1
                0x00802025       0x3d Application.o
                                 0x3e (size before relaxing)
 .rodata.str1.1
                0x00802062       0x19 ff.o
 .rodata.str1.1
                0x0080207b       0x61 main.o
                                 0x6e (size before relaxing)
 *(.gnu.linkonce.r*)
                0x008020dc                . = ALIGN (0x2)
                0x008020dc                _edata = .
                0x008020dc                PROVIDE (__data_end, .)

.bss            0x008020dc     0x2523
                0x008020dc                PROVIDE (__bss_start, .)
 *(.bss)
 *(.bss*)
 .bss.Fsid      0x008020dc        0x2 ff.o
 .bss.FatFs     0x008020de        0x2 ff.o
 .bss.deviceid  0x008020e0        0x1 main.o
                0x008020e0                deviceid
 .bss.CardType  0x008020e1        0x1 sdmm.o
 *(COMMON)
 COMMON         0x008020e2     0x24ff ADS1299.o
                0x008020e2                BL_DataBUFF
                0x008027e2                new_bl_cmd_flg
                0x008027e3                SD_DataBUFF
                0x008040e3                imp_enable
                0x008040e4                drdy_count
                0x008040e8                FatFs
                0x00804317                ADSnewData
                0x00804318                data_return
                0x00804319                sd_samples
                0x0080431d                drdy_samples
                0x00804321                sample_count
                0x00804322                leadoff_disable
                0x00804323                int_flag
                0x00804325                deviceID
                0x00804326                val
                0x0080432a                buffer
                0x00804334                new_bl_cmd_index
                0x00804335                opcode2
                0x00804336                rx_byte
                0x00804337                SD_databuff_tail
                0x00804339                SD_databuff_head
                0x0080433b                samples_got
                0x0080433f                app_state
                0x00804341                buffer_full
                0x00804342                bl_samples
                0x00804346                new_cmd_flg
                0x00804347                trigger
                0x00804348                leadoff_enable
                0x00804349                Fil
                0x0080456b                bl_buff_miss
                0x0080456f                new_bl_cmd
                0x00804583                new_cmd_index
                0x00804584                BL_databuff_tail
                0x00804586                new_cmd
                0x0080459a                imp_disable
                0x0080459b                sd_buff_miss
                0x0080459f                sample
                0x008045bb                singleSample
                0x008045df                BL_databuff_head
 COMMON         0x008045e1        0x4 Application.o
                0x008045e1                tx_ptr
                0x008045e3                rx_new_byte
                0x008045e4                complete_flg
 COMMON         0x008045e5       0x1a main.o
                0x008045e5                sd_error
                0x008045e6                reg_vals
                0x008045fe                rx_received_byte
                0x008045ff                PROVIDE (__bss_end, .)
                0x000047c8                __data_load_start = LOADADDR (.data)
                0x000048a4                __data_load_end = (__data_load_start + SIZEOF (.data))

.noinit         0x008045ff        0x0
                [!provide]                PROVIDE (__noinit_start, .)
 *(.noinit*)
                [!provide]                PROVIDE (__noinit_end, .)
                0x008045ff                _end = .
                [!provide]                PROVIDE (__heap_start, .)

.eeprom         0x00810000        0x0
 *(.eeprom*)
                0x00810000                __eeprom_end = .

.fuse
 *(.fuse)
 *(.lfuse)
 *(.hfuse)
 *(.efuse)

.lock
 *(.lock*)

.signature
 *(.signature*)

.user_signatures
 *(.user_signatures*)

.stab
 *(.stab)

.stabstr
 *(.stabstr)

.stab.excl
 *(.stab.excl)

.stab.exclstr
 *(.stab.exclstr)

.stab.index
 *(.stab.index)

.stab.indexstr
 *(.stab.indexstr)

.comment        0x00000000       0x30
 *(.comment)
 .comment       0x00000000       0x30 ADS1299.o
                                 0x31 (size before relaxing)
 .comment       0x00000030       0x31 Application.o
 .comment       0x00000030       0x31 ff.o
 .comment       0x00000030       0x31 main.o
 .comment       0x00000030       0x31 sdmm.o
 .comment       0x00000030       0x31 systemClock.o
 .comment       0x00000030       0x31 uart.o

.note.gnu.avr.deviceinfo
                0x00000000       0x40
 .note.gnu.avr.deviceinfo
                0x00000000       0x40 C:/Program Files (x86)/Atmel/Studio/7.0/Packs/atmel/XMEGAA_DFP/1.1.68/gcc/dev/atxmega256a3u/avrxmega6/crtatxmega256a3u.o

.note.gnu.build-id
 *(.note.gnu.build-id)

.debug
 *(.debug)

.line
 *(.line)

.debug_srcinfo
 *(.debug_srcinfo)

.debug_sfnames
 *(.debug_sfnames)

.debug_aranges  0x00000000      0x3f8
 *(.debug_aranges)
 .debug_aranges
                0x00000000       0x90 ADS1299.o
 .debug_aranges
                0x00000090       0x78 Application.o
 .debug_aranges
                0x00000108      0x1a0 ff.o
 .debug_aranges
                0x000002a8       0x20 main.o
 .debug_aranges
                0x000002c8       0x88 sdmm.o
 .debug_aranges
                0x00000350       0x30 systemClock.o
 .debug_aranges
                0x00000380       0x78 uart.o

.debug_pubnames
 *(.debug_pubnames)

.debug_info     0x00000000     0xc5af
 *(.debug_info .gnu.linkonce.wi.*)
 .debug_info    0x00000000     0x3409 C:/Program Files (x86)/Atmel/Studio/7.0/Packs/atmel/XMEGAA_DFP/1.1.68/gcc/dev/atxmega256a3u/avrxmega6/crtatxmega256a3u.o
 .debug_info    0x00003409     0x1573 ADS1299.o
 .debug_info    0x0000497c     0x10ed Application.o
 .debug_info    0x00005a69     0x3fc5 ff.o
 .debug_info    0x00009a2e      0xfa2 main.o
 .debug_info    0x0000a9d0      0xfb4 sdmm.o
 .debug_info    0x0000b984      0x298 systemClock.o
 .debug_info    0x0000bc1c      0x993 uart.o

.debug_abbrev   0x00000000     0x422c
 *(.debug_abbrev)
 .debug_abbrev  0x00000000     0x3148 C:/Program Files (x86)/Atmel/Studio/7.0/Packs/atmel/XMEGAA_DFP/1.1.68/gcc/dev/atxmega256a3u/avrxmega6/crtatxmega256a3u.o
 .debug_abbrev  0x00003148      0x2e3 ADS1299.o
 .debug_abbrev  0x0000342b      0x31f Application.o
 .debug_abbrev  0x0000374a      0x2fa ff.o
 .debug_abbrev  0x00003a44      0x214 main.o
 .debug_abbrev  0x00003c58      0x307 sdmm.o
 .debug_abbrev  0x00003f5f      0x12f systemClock.o
 .debug_abbrev  0x0000408e      0x19e uart.o

.debug_line     0x00000000     0x47b3
 *(.debug_line .debug_line.* .debug_line_end)
 .debug_line    0x00000000      0x39d C:/Program Files (x86)/Atmel/Studio/7.0/Packs/atmel/XMEGAA_DFP/1.1.68/gcc/dev/atxmega256a3u/avrxmega6/crtatxmega256a3u.o
 .debug_line    0x0000039d      0x681 ADS1299.o
 .debug_line    0x00000a1e      0x4e1 Application.o
 .debug_line    0x00000eff     0x266c ff.o
 .debug_line    0x0000356b      0x502 main.o
 .debug_line    0x00003a6d      0x768 sdmm.o
 .debug_line    0x000041d5      0x171 systemClock.o
 .debug_line    0x00004346      0x46d uart.o

.debug_frame    0x00000000     0x1414
 *(.debug_frame)
 .debug_frame   0x00000000      0x1f8 ADS1299.o
 .debug_frame   0x000001f8      0x1c8 Application.o
 .debug_frame   0x000003c0      0xbac ff.o
 .debug_frame   0x00000f6c       0x84 main.o
 .debug_frame   0x00000ff0      0x23c sdmm.o
 .debug_frame   0x0000122c       0x6c systemClock.o
 .debug_frame   0x00001298      0x17c uart.o

.debug_str      0x00000000     0x36fc
 *(.debug_str)
 .debug_str     0x00000000     0x223b C:/Program Files (x86)/Atmel/Studio/7.0/Packs/atmel/XMEGAA_DFP/1.1.68/gcc/dev/atxmega256a3u/avrxmega6/crtatxmega256a3u.o
 .debug_str     0x0000223b      0x70e ADS1299.o
                                0x788 (size before relaxing)
 .debug_str     0x00002949      0x415 Application.o
                                0x956 (size before relaxing)
 .debug_str     0x00002d5e      0x3ec ff.o
                                0x773 (size before relaxing)
 .debug_str     0x0000314a      0x137 main.o
                                0x816 (size before relaxing)
 .debug_str     0x00003281       0xb7 sdmm.o
                                0x5e7 (size before relaxing)
 .debug_str     0x00003338      0x165 systemClock.o
                                0x30c (size before relaxing)
 .debug_str     0x0000349d      0x25f uart.o
                                0x725 (size before relaxing)

.debug_loc      0x00000000     0x9b05
 *(.debug_loc)
 .debug_loc     0x00000000      0xeda ADS1299.o
 .debug_loc     0x00000eda      0x5d1 Application.o
 .debug_loc     0x000014ab     0x6f5d ff.o
 .debug_loc     0x00008408      0x2ce main.o
 .debug_loc     0x000086d6      0xea8 sdmm.o
 .debug_loc     0x0000957e      0x14a systemClock.o
 .debug_loc     0x000096c8      0x43d uart.o

.debug_macinfo
 *(.debug_macinfo)

.debug_weaknames
 *(.debug_weaknames)

.debug_funcnames
 *(.debug_funcnames)

.debug_typenames
 *(.debug_typenames)

.debug_varnames
 *(.debug_varnames)

.debug_pubtypes
 *(.debug_pubtypes)

.debug_ranges   0x00000000      0x4a0
 *(.debug_ranges)
 .debug_ranges  0x00000000       0x80 ADS1299.o
 .debug_ranges  0x00000080       0xb8 Application.o
 .debug_ranges  0x00000138      0x240 ff.o
 .debug_ranges  0x00000378       0x10 main.o
 .debug_ranges  0x00000388       0x90 sdmm.o
 .debug_ranges  0x00000418       0x20 systemClock.o
 .debug_ranges  0x00000438       0x68 uart.o

.debug_macro
 *(.debug_macro)
OUTPUT(FullAttempt_2.elf elf32-avr)
LOAD linker stubs
